// Jest Snapshot v1, https://goo.gl/fbAQLP

exports[`<=== Manga ===> should create store 1`] = `
Object {
  "endDate": null,
  "id": 43,
  "imageUrl": "http://one-piece.jpg",
  "rank": 1,
  "score": 9.12,
  "startDate": "13 aout 2016",
  "title": "One Piece",
  "type": "shonen",
  "url": "http://one-piece.fr",
}
`;
